Microsoft (R) Macro Assembler Version 14.00.24210.0	    03/11/26 16:01:04
sprite_component.inc					     Page 1 - 1


 0028				SpriteComponent STRUCT
 0000  00000000				originX DWORD ?
 0004  00000000				originY DWORD ?

 0008  00000000				pTexture DWORD ?

					; // Info about where the sprite is in the source buffer. (If using spritesheet cell)
 000C  00000000				cellX DWORD ?
 0010  00000000				cellY DWORD ?
 0014  00000000				cellW DWORD ?
 0018  00000000				cellH DWORD ?

					; // *************************
					; // Booleans (Maybe later these can be compressed into flags to save space)
					; // *************************
 001C  00000000				flipX DWORD ?
 0020  00000000				flipY DWORD ? 
 0024  00000000				visible DWORD ?
				SpriteComponent ENDS

				END
Microsoft (R) Macro Assembler Version 14.00.24210.0	    03/11/26 16:01:04
sprite_component.inc					     Symbols 2 - 1




Structures and Unions:

                N a m e                  Size
                                         Offset      Type

SpriteComponent  . . . . . . . .	 0028
  originX  . . . . . . . . . . .	 0000	     DWord
  originY  . . . . . . . . . . .	 0004	     DWord
  pTexture . . . . . . . . . . .	 0008	     DWord
  cellX  . . . . . . . . . . . .	 000C	     DWord
  cellY  . . . . . . . . . . . .	 0010	     DWord
  cellW  . . . . . . . . . . . .	 0014	     DWord
  cellH  . . . . . . . . . . . .	 0018	     DWord
  flipX  . . . . . . . . . . . .	 001C	     DWord
  flipY  . . . . . . . . . . . .	 0020	     DWord
  visible  . . . . . . . . . . .	 0024	     DWord

	   0 Warnings
	   0 Errors
