Microsoft (R) Macro Assembler Version 14.00.24210.0	    03/26/26 16:46:42
scene.asm						     Page 1 - 1


				; // ==================================
				; // scene.asm
				; // ----------------------------------
				; // Scenes are classes that hold a single section of a game. A scene contains a
				; // pointer to a list of GameObjects that is updated by the scene_update function.
				; // The scene also updates simulations and any game logic that isn't handled directly
				; // by GameObjects or their components. At the end of every update, the scene will
				; // call the renderer module to render its contents.
				; // ==================================

				INCLUDE default_header.inc
			      C .386
			      C .model flat, stdcall
			      C option casemap : none
			      C .stack 4096
			      C OPTION PROC : PRIVATE
			      C 
				INCLUDE heap_functions.inc
			      C ; // ==================================
			      C ; // heap_functions.inc
			      C ; // ----------------------------------
			      C ; // Functions used for dynamic memory management. This file was
			      C ; // added before we learned about heap memory management in class
			      C ; // so we could have easy memory management. My resource for this 
			      C ; // was the windows API reference and the class ch11 slides.
			      C ; // ==================================
			      C 
			      C IFNDEF HEAP_FUNCTIONS_INC
 = 00000001		      C HEAP_FUNCTIONS_INC EQU 1
			      C 
			      C ; // Constants
 = 00000008		      C HEAP_ZERO_MEMORY          equ 00000008h
 = 00000004		      C HEAP_GENERATE_EXCEPTIONS  equ 00000004h
 = 00000001		      C HEAP_NO_SERIALIZE         equ 00000001h
			      C 
 = 00000000		      C NULL   EQU 0
			      C 
			      C ; // Types
			      C HANDLE TYPEDEF DWORD
			      C 
			      C ; // Protos
			      C GetProcessHeap	PROTO
			      C HeapAlloc		PROTO,	hHeap:DWORD, dwFlags:DWORD, dwBytes:DWORD
			      C HeapFree		PROTO,	hHeap:DWORD, dwFlags:DWORD, lpMem:DWORD
			      C HeapReAlloc		PROTO,	hHeap:DWORD, dwFlags:DWORD, lpMem:DWORD,	dwBytes:DWORD
			      C 
			      C initialize_heap PROTO ; // This function is from heap_functions.asm. It gets the handle to the process heap and stores in hHeap
			      C 
			      C ; // Data
			      C EXTERNDEF hHeap:HANDLE ; // the heap handle is defined in heap_functions.asm
			      C 
			      C ENDIF
			      C 
				INCLUDE scene.inc
			      C ; // ==================================
			      C ; // Scene
			      C ; // ----------------------------------
			      C ; // Scenes are classes that hold a single section of a game. A scene contains a
			      C ; // pointer to a list of GameObjects that is updated by the scene_update function.
			      C ; // The scene also updates simulations and any game logic that isn't handled directly
			      C ; // by GameObjects or their components. At the end of every update, the scene will
			      C ; // call the renderer module to render its contents.
			      C ; // ==================================
			      C 
			      C IFNDEF SCENE_INC
 = 00000001		      C SCENE_INC EQU 1
			      C 
			      C INCLUDE unordered_vector.inc
			      C ; // ==================================
			      C ; // unordered_vector.inc
			      C ; // ----------------------------------
			      C ; // unordered_vector are dynamic arrays of DWORDs
			      C ; // whose contents are not guaranteed to be in the same
			      C ; // order after a removal. They are typically used for 
			      C ; // pools of GameObject pointers whose order doesn't matter.
			      C ; // ==================================
			      C 
			      C IFNDEF UNORDERED_VECTOR_INC
 = 00000001		      C UNORDERED_VECTOR_INC EQU 1
			      C 
 0000000C		      C UnorderedVector STRUCT
 00000000  00000000	      C 	pData		DWORD ?
 00000004  00000000	      C 	count		DWORD ?
 00000008  00000000	      C 	capacity	DWORD ?
			      C UnorderedVector ENDS
			      C 
			      C ENDIF
			      C 
			      C 
 00000030		      C Scene STRUCT
			      C 	; // The list of GameObjects in this Scene instance.
 00000000  00000000	      C 	gameObjects UnorderedVector<>
	   00000000
	   00000000
			      C 	
			      C 	; // The start queue is a list of GameObjects created by the add_gameobject method
 0000000C  00000000	      C 	startQueue UnorderedVector<>
	   00000000
	   00000000
			      C 
			      C 	; // The free queue is a list of GameObjects to free at the end of the frame
 00000018  00000000	      C 	freeQueue UnorderedVector<>
	   00000000
	   00000000
			      C 
			      C 	; // The list of renderCommands that is built at the end of each frame
 00000024  00000000	      C 	renderCommands UnorderedVector<>
	   00000000
	   00000000
			      C Scene ENDS
			      C 
			      C init_scene PROTO maxGameObjects		: DWORD
			      C new_scene PROTO maxGameObjects		: DWORD
			      C free_scene PROTO
			      C 
			      C ENDIF
			      C 

 00000000			.code
				; // ********************************************
				; // Constructor Methods
				; // ********************************************

				; // ----------------------------------
				; // init_scene
				; // Initializes memory with the contents of a Scene
				; // 
				; // Register Parameters: 
				; //	ecx - THIS pointer
				; // ----------------------------------
 00000000			init_scene PROC PUBLIC USES esi, maxGameObjects : DWORD
 00000000  55		   *	    push   ebp
 00000001  8B EC	   *	    mov    ebp, esp
 00000003  56		   *	    push   esi
					INVOKE init_scene, maxGameObjects ; // placeholder code to avoid MASM assemble time bugs
 00000004  FF 75 08	   *	    push   dword  ptr ss:[ebp]+000000008h
 00000007  E8 FFFFFFF4	   *	    call   init_scene

					ret
 0000000C  5E		   *	    pop    esi
 0000000D  C9		   *	    leave  
 0000000E  C2 0004	   *	    ret    00004h
 00000011			init_scene ENDP

				; // ----------------------------------
				; // new_scene
				; // Reserves heap space for the scene with parameters and calls the initializer method
				; // ----------------------------------
 00000011			new_scene PROC PUBLIC USES ecx, maxGameObjects : DWORD
 00000011  55		   *	    push   ebp
 00000012  8B EC	   *	    mov    ebp, esp
 00000014  51		   *	    push   ecx
					INVOKE HeapAlloc, hHeap, HEAP_GENERATE_EXCEPTIONS, SIZEOF Scene
 00000015  6A 30	   *	    push   +000000030h
 00000017  6A 04	   *	    push   +000000004h
 00000019  FF 35 00000000 E *	    push   hHeap
 0000001F  E8 00000000 E   *	    call   HeapAlloc
 00000024  8B C8			mov ecx, eax ; // Move the memory address to ecx so it can function as a "this" pointer
					INVOKE init_scene, maxGameObjects
 00000026  FF 75 08	   *	    push   dword  ptr ss:[ebp]+000000008h
 00000029  E8 FFFFFFD2	   *	    call   init_scene

					ret ; // Return with the address of the memory block in HeapAlloc
 0000002E  59		   *	    pop    ecx
 0000002F  C9		   *	    leave  
 00000030  C2 0004	   *	    ret    00004h
 00000033			new_scene ENDP

				; // ----------------------------------
				; // free_scene
				; // Convenient method for freeing a Scene
				; //
				; // Register Parameters: 
				; //	ecx - THIS pointer
				; // ----------------------------------
 00000033			free_scene PROC PUBLIC
					INVOKE HeapFree, hHeap, 0, ecx
 00000033  51		   *	    push   ecx
 00000034  6A 00	   *	    push   +000000000h
 00000036  FF 35 00000000 E *	    push   hHeap
 0000003C  E8 00000000 E   *	    call   HeapFree
 00000041  C3				ret
 00000042			free_scene ENDP


				; // ********************************************
				; // Class methods
				; // ********************************************

				; // ----------------------------------
				; // scene_start
				; // Initializes the scene and allocates resources that will be used such as spritesheets,
				; // SFX, or other external files needed in the scene. 
				; // ----------------------------------
 00000042			scene_start PROC
 00000042  C3				ret
 00000043			scene_start ENDP

				; // ----------------------------------
				; // scene_update
				; // Responsible for updating the game objects and simulations every frame.
				; // ----------------------------------
 00000043			scene_update PROC, deltaTime: REAL4
					; // Take Input and set input flags

					; // Process start queue
					; // for (GameObject o : *pStartQueue):
					; //	pGameObjects->push_back(o)
					; //	o.Start()
					; //
					; // *pStartQueue->clear()

					; // Update time sensitive components (such as timers and tweens)
					; // for (GameObject o : *pGameObjects):
					; //	for (Component c : o->pComponents)
					; //		if (c.componentType == TIMER_COMPONENT_TYPE)
					; //			c.Update(deltaTime)

					; // Update Game Object logic
					; // for (GameObject o : *pGameObjects):
					; //	o.update(deltaTime)

					; // Update animator components
					; // for (GameObject o : *pGameObjects):
					; //	for (Component c : o->pComponents)
					; //		if (c.componentType == ANIMATOR_COMPONENT_TYPE)
					; //			c.Update(deltaTime)

					; // Free any GameObjects that were queued to be freed by gameplay logic
					; // for (GameObject o : *pQueueFreeGameObjects)
					; //	o.free()

					; // Build render list
					; // renderCommands.clear()
					; // for (GameObject o : *pGameObjects):
					; //	for (Component c : o->pComponents)
					; //		if (c.componentType == SPRITE_COMPONENT_TYPE || c.componentType == RECT_COMPONENT_TYPE)
					; //			renderCommands.push_back(new RenderCommand(r))

					; // Pass render list to renderer
					; // renderer.renderFrame(renderCommands)
 00000043  55		   *	    push   ebp
 00000044  8B EC	   *	    mov    ebp, esp
					ret
 00000046  C9		   *	    leave  
 00000047  C2 0004	   *	    ret    00004h
 0000004A			scene_update ENDP
scene.asm(115) : warning A6004:procedure argument or local not referenced : deltaTime

				; // ----------------------------------
				; // scene_exit
				; // Clears the resources allocated during scene_start.
				; //
				; // Register Parameters: 
				; //	ecx - THIS pointer
				; // ----------------------------------
 0000004A			scene_exit PROC
 0000004A  C3				ret
 0000004B			scene_exit ENDP

				END
Microsoft (R) Macro Assembler Version 14.00.24210.0	    03/26/26 16:46:42
scene.asm						     Symbols 2 - 1




Structures and Unions:

                N a m e                  Size
                                         Offset      Type

Scene  . . . . . . . . . . . . .	 00000030
  gameObjects  . . . . . . . . .	 00000000	 
  startQueue . . . . . . . . . .	 0000000C	 
  freeQueue  . . . . . . . . . .	 00000018	 
  renderCommands . . . . . . . .	 00000024	 
UnorderedVector  . . . . . . . .	 0000000C
  pData  . . . . . . . . . . . .	 00000000	 DWord
  count  . . . . . . . . . . . .	 00000004	 DWord
  capacity . . . . . . . . . . .	 00000008	 DWord


Types:

                N a m e                  Size     Attr

HANDLE . . . . . . . . . . . . .	 00000004     DWord


Segments and Groups:

                N a m e                 Size     Length   Align   Combine Class

FLAT . . . . . . . . . . . . . .	GROUP
STACK  . . . . . . . . . . . . .	32 Bit	 00001000 DWord	  Stack	  'STACK'	 
_DATA  . . . . . . . . . . . . .	32 Bit	 00000000 DWord	  Public  'DATA'	
_TEXT  . . . . . . . . . . . . .	32 Bit	 0000004B DWord	  Public  'CODE'	


Procedures, parameters, and locals:

                N a m e                 Type     Value    Attr

GetProcessHeap . . . . . . . . .	P Near	 00000000 FLAT	Length= 00000000 External STDCALL
HeapAlloc  . . . . . . . . . . .	P Near	 00000000 FLAT	Length= 00000000 External STDCALL
HeapFree . . . . . . . . . . . .	P Near	 00000000 FLAT	Length= 00000000 External STDCALL
HeapReAlloc  . . . . . . . . . .	P Near	 00000000 FLAT	Length= 00000000 External STDCALL
free_scene . . . . . . . . . . .	P Near	 00000033 _TEXT	Length= 0000000F Public STDCALL
init_scene . . . . . . . . . . .	P Near	 00000000 _TEXT	Length= 00000011 Public STDCALL
  maxGameObjects . . . . . . . .	DWord	 bp + 00000008
initialize_heap  . . . . . . . .	P Near	 00000000 FLAT	Length= 00000000 External STDCALL
new_scene  . . . . . . . . . . .	P Near	 00000011 _TEXT	Length= 00000022 Public STDCALL
  maxGameObjects . . . . . . . .	DWord	 bp + 00000008
scene_exit . . . . . . . . . . .	P Near	 0000004A _TEXT	Length= 00000001 Private STDCALL
scene_start  . . . . . . . . . .	P Near	 00000042 _TEXT	Length= 00000001 Private STDCALL
scene_update . . . . . . . . . .	P Near	 00000043 _TEXT	Length= 00000007 Private STDCALL
  deltaTime  . . . . . . . . . .	DWord	 bp + 00000008


Symbols:

                N a m e                 Type     Value    Attr

@CodeSize  . . . . . . . . . . .	Number	 00000000h   
@DataSize  . . . . . . . . . . .	Number	 00000000h   
@Interface . . . . . . . . . . .	Number	 00000003h   
@Model . . . . . . . . . . . . .	Number	 00000007h   
@code  . . . . . . . . . . . . .	Text   	 _TEXT
@data  . . . . . . . . . . . . .	Text   	 FLAT
@fardata?  . . . . . . . . . . .	Text   	 FLAT
@fardata . . . . . . . . . . . .	Text   	 FLAT
@stack . . . . . . . . . . . . .	Text   	 FLAT
HEAP_FUNCTIONS_INC . . . . . . .	Number	 00000001h   
HEAP_GENERATE_EXCEPTIONS . . . .	Number	 00000004h   
HEAP_NO_SERIALIZE  . . . . . . .	Number	 00000001h   
HEAP_ZERO_MEMORY . . . . . . . .	Number	 00000008h   
NULL . . . . . . . . . . . . . .	Number	 00000000h   
SCENE_INC  . . . . . . . . . . .	Number	 00000001h   
UNORDERED_VECTOR_INC . . . . . .	Number	 00000001h   
hHeap  . . . . . . . . . . . . .	DWord	 00000000 FLAT	External STDCALL

	   1 Warnings
	   0 Errors
