Microsoft (R) Macro Assembler Version 14.00.24210.0	    03/27/26 22:31:38
game_object.asm						     Page 1 - 1


				; // ==================================
				; // GameObject
				; // ----------------------------------
				; //	GameObjects are the core elements of a scene
				; // that contain gameplay logic and anything the player
				; // will see.
				; //	The GameObject STRUCT is intended to be 'subclassed' by 
				; // overriding the virtual function table.
				; //	GameObjects contain a list of components that
				; // define utility behavior such as sprites to render
				; // or animation states. These componenets are updated
				; // by the scene_update to keep their auxillary functionality
				; // separate from main game logic.
				; // ==================================

				INCLUDE default_header.inc
			      C .386
			      C .model flat, stdcall
			      C option casemap : none
			      C .stack 4096
			      C OPTION PROC : PRIVATE
			      C 
				INCLUDE game_object.inc
			      C ; // ==================================
			      C ; // GameObject
			      C ; // ----------------------------------
			      C ; //	GameObjects are the core elements of a scene
			      C ; // that contain gameplay logic and anything the player
			      C ; // will see.
			      C ; //	This STRUCT is intended to be 'subclassed' by 
			      C ; // overriding the virtual function table.
			      C ; //	GameObjects contain a list of components that
			      C ; // define utility behavior such as sprites to render
			      C ; // or animation states. These componenets are updated
			      C ; // by the scene_update to keep their auxillary functionality
			      C ; // separate from main game logic.
			      C ; // ==================================
			      C 
			      C IFNDEF GAME_OBJECT_INC
 = 00000001		      C GAME_OBJECT_INC EQU 1
			      C 
			      C INCLUDE game_object_ids.inc
			      C ; // ==================================
			      C ; // game_object_ids.inc
			      C ; // ----------------------------------
			      C ; // A set of "enum" style macros that identify GameObject types 
			      C ; // for the data definition and parsing of a scene's data.
			      C ; //
			      C ; // This is necessary because GameObjects are designed to be
			      C ; // subclassed into new unique types of GameObjects defined
			      C ; // by the user of this engine.
			      C ; // ==================================
			      C 
			      C IFNDEF GAME_OBJECT_IDS_INC
 = 00000001		      C GAME_OBJECT_IDS_INC EQU 1
			      C 
			      C ; // List of GameObject identifiers
 = 00000000		      C DEFAULT_GAME_OBJECT_ID = 0
			      C 
			      C ENDIF
			      C 
			      C INCLUDE unordered_vector.inc
			      C ; // ==================================
			      C ; // unordered_vector.inc
			      C ; // ----------------------------------
			      C ; // unordered_vector are dynamic arrays of DWORDs
			      C ; // whose contents are not guaranteed to be in the same
			      C ; // order after a removal. They are typically used for 
			      C ; // pools of GameObject pointers whose order doesn't matter.
			      C ; // ==================================
			      C 
			      C IFNDEF UNORDERED_VECTOR_INC
 = 00000001		      C UNORDERED_VECTOR_INC EQU 1
			      C 
 0000000C		      C UnorderedVector STRUCT
 00000000  00000000	      C 	pData		DWORD ?
 00000004  00000000	      C 	count		DWORD ?
 00000008  00000000	      C 	capacity	DWORD ?
			      C UnorderedVector ENDS
			      C 
			      C ; // Constructors
			      C init_unordered_vector PROTO capacity : DWORD
			      C new_unordered_vector PROTO capacity: DWORD
			      C free_unordered_vector PROTO
			      C 
			      C ; // Instance methods
			      C push_back PROTO element: DWORD
			      C remove_element PROTO element: DWORD
			      C 
			      C ENDIF
			      C 
			      C INCLUDE component_ids.inc
			      C ; // ==================================
			      C ; // component_ids.inc
			      C ; // ----------------------------------
			      C ; // A set of "enum" style macros that identify component types 
			      C ; // for the data definition and parsing of a scene's data.
			      C ; // ==================================
			      C 
			      C IFNDEF COMPONENT_IDS_INC
 = 00000001		      C COMPONENT_IDS_INC EQU 1
			      C 
			      C ; // A helper function to make defining a bunch of enums smoother
 = 00000000		      C enumId = 0
			      C DEF_ENUM MACRO enum_name
			      C 	enum_name = enumId
			      C 	enumId = enumId + 1
			      C ENDM
			      C 
			      C ENUM_COMPONENT_ID TYPEDEF DWORD
			      C 
			      C ; // List of component identifiers
			      C DEF_ENUM DEFAULT_COMPONENT_ID
			      C DEF_ENUM RECT_COMPONENT_ID
			      C DEF_ENUM SPRITE_COMPONENT_ID
			      C DEF_ENUM TRANSFORM_COMPONENT_ID
			      C 
			      C ENDIF
			      C 
			      C 
			      C ENUM_GAME_OBJECT_ID TYPEDEF DWORD
			      C 
 00000010		      C GameObject_vtable STRUCT
 00000000  00000000	      C 	pStart DWORD ? ; For game logic that should run just after the GameObjec is initialized
 00000004  00000000	      C 	pUpdate DWORD ? ; For game logic that will run every frame update
 00000008  00000000	      C 	pExit DWORD ? ; For game logic that should run just before the GameObject is freed
 0000000C  00000000	      C 	pFree DWORD ? ; Destructor
			      C GameObject_vtable ENDS
			      C 
 00000018		      C GameObject STRUCT
 00000000  00000000	      C 	gameObjectType ENUM_GAME_OBJECT_ID ?
 00000004  00000000	      C 	components UnorderedVector <>
	   00000000
	   00000000
 00000010  00000000	      C 	pVt DWORD ? ; Pointer to a virtual function table
			      C 
			      C 	; // Flags
 00000014  00000000	      C 	awaitingFree DWORD ? ; // Whether the object is awaiting removal from the scene. Zero if FALSE, nonzero if TRUE
			      C GameObject ENDS
			      C 
			      C ; // Static methods
			      C add_component PROTO pGameObject: DWORD, pComponent: DWORD
			      C 
			      C ; // Constructors
			      C init_game_object PROTO maxComponents : DWORD
			      C new_game_object PROTO maxComponents : DWORD
			      C free_game_object PROTO
			      C 
			      C ; // Instance methods
			      C get_first_component_which_is_a	PROTO componentType : ENUM_COMPONENT_ID
			      C game_object_start_virtual		PROTO
			      C game_object_update_virtual		PROTO deltaTime : REAL4
			      C 
			      C ENDIF
			      C 
				INCLUDE game_object_ids.inc
			      C ; // ==================================
			      C ; // game_object_ids.inc
			      C ; // ----------------------------------
			      C ; // A set of "enum" style macros that identify GameObject types 
			      C ; // for the data definition and parsing of a scene's data.
			      C ; //
			      C ; // This is necessary because GameObjects are designed to be
			      C ; // subclassed into new unique types of GameObjects defined
			      C ; // by the user of this engine.
			      C ; // ==================================
			      C 
			      C IFNDEF GAME_OBJECT_IDS_INC
			      C ENDIF
			      C 
				INCLUDE component.inc
			      C ; // ==================================
			      C ; // component.inc
			      C ; // ----------------------------------
			      C ; //	Components are utility helpers to GameObjects that
			      C ; // allow for easy adding of features and a composition
			      C ; // structure for them (HasA vs IsA). 
			      C ; //	Some examples of components are SpriteComponents
			      C ; // that describe what a GameObject should look like or
			      C ; // TransformComponents that describe where a GameObject
			      C ; // is located spatially. 
			      C ; //	This is the generic component STRUCT that
			      C ; // all components inherit from.
			      C ; // ==================================
			      C 
			      C IFNDEF COMPONENT_INC
 = 00000001		      C COMPONENT_INC EQU 1
			      C 
			      C INCLUDE component_ids.inc
			      C ; // ==================================
			      C ; // component_ids.inc
			      C ; // ----------------------------------
			      C ; // A set of "enum" style macros that identify component types 
			      C ; // for the data definition and parsing of a scene's data.
			      C ; // ==================================
			      C 
			      C IFNDEF COMPONENT_IDS_INC
			      C ENDIF
			      C 
			      C 
 00000004		      C Component_vtable STRUCT
 00000000  00000000	      C 	pFree DWORD ?
			      C Component_vtable ENDS
			      C 
 00000008		      C Component STRUCT
 00000000  00000000	      C 	componentType ENUM_COMPONENT_ID DEFAULT_COMPONENT_ID
 00000004  00000000	      C 	pVt DWORD ?
			      C Component ENDS
			      C 
			      C ; // Constructor protos
			      C init_component PROTO
			      C new_component PROTO
			      C free_component PROTO
			      C free_component_virtual PROTO
			      C 
			      C ENDIF
			      C 
				INCLUDE component_ids.inc
			      C ; // ==================================
			      C ; // component_ids.inc
			      C ; // ----------------------------------
			      C ; // A set of "enum" style macros that identify component types 
			      C ; // for the data definition and parsing of a scene's data.
			      C ; // ==================================
			      C 
			      C IFNDEF COMPONENT_IDS_INC
			      C ENDIF
			      C 
				INCLUDE heap_functions.inc
			      C ; // ==================================
			      C ; // heap_functions.inc
			      C ; // ----------------------------------
			      C ; // Functions used for dynamic memory management. This file was
			      C ; // added before we learned about heap memory management in class
			      C ; // so we could have easy memory management. My resource for this 
			      C ; // was the windows API reference and the class ch11 slides.
			      C ; // ==================================
			      C 
			      C IFNDEF HEAP_FUNCTIONS_INC
 = 00000001		      C HEAP_FUNCTIONS_INC EQU 1
			      C 
			      C ; // Constants
 = 00000008		      C HEAP_ZERO_MEMORY          equ 00000008h
 = 00000004		      C HEAP_GENERATE_EXCEPTIONS  equ 00000004h
 = 00000001		      C HEAP_NO_SERIALIZE         equ 00000001h
			      C 
 = 00000000		      C NULL   EQU 0
			      C 
			      C ; // Types
			      C HANDLE TYPEDEF DWORD
			      C 
			      C ; // Protos
			      C GetProcessHeap	PROTO
			      C HeapAlloc		PROTO,	hHeap:DWORD, dwFlags:DWORD, dwBytes:DWORD
			      C HeapFree		PROTO,	hHeap:DWORD, dwFlags:DWORD, lpMem:DWORD
			      C HeapReAlloc		PROTO,	hHeap:DWORD, dwFlags:DWORD, lpMem:DWORD,	dwBytes:DWORD
			      C 
			      C initialize_heap PROTO ; // This function is from heap_functions.asm. It gets the handle to the process heap and stores in hHeap
			      C 
			      C ; // Data
			      C EXTERNDEF hHeap:HANDLE ; // the heap handle is defined in heap_functions.asm
			      C 
			      C ENDIF
			      C 

 00000000			.data
 00000000 000000BD R		GAMEOBJECT_VTABLE GameObject_vtable <OFFSET game_object_start, OFFSET game_object_update, OFFSET game_object_exit>
	   000000DC R
	   000000E6 R
	   00000000

 00000000			.code
				; // ********************************************
				; // Static methods
				; // ********************************************

				; // ----------------------------------
				; // add_component
				; // Initializes memory with the contents of a GameObject
				; // ----------------------------------
 00000000			add_component PROC PUBLIC USES eax ebx esi edi, pGameObject: DWORD, pComponent: DWORD
 00000000  55		   *	    push   ebp
 00000001  8B EC	   *	    mov    ebp, esp
 00000003  50		   *	    push   eax
 00000004  53		   *	    push   ebx
 00000005  56		   *	    push   esi
 00000006  57		   *	    push   edi
 00000007  8B 75 08			mov esi, pGameObject
 0000000A  8D 4E 04			lea ecx, (GameObject PTR [esi]).components
					
 0000000D  8B 45 0C			mov eax, pComponent
					INVOKE push_back, eax
 00000010  50		   *	    push   eax
 00000011  E8 00000000 E   *	    call   push_back

					ret
 00000016  5F		   *	    pop    edi
 00000017  5E		   *	    pop    esi
 00000018  5B		   *	    pop    ebx
 00000019  58		   *	    pop    eax
 0000001A  C9		   *	    leave  
 0000001B  C2 0008	   *	    ret    00008h
 0000001E			add_component ENDP

				; // ********************************************
				; // Constructor Methods
				; // ********************************************

				; // ----------------------------------
				; // init_game_object
				; // Initializes memory with the contents of a GameObject
				; // 
				; // Register Parameters: 
				; //	ecx - THIS pointer
				; // ----------------------------------
 0000001E			init_game_object PROC PUBLIC USES esi ebx edx, maxComponents : DWORD
 0000001E  55		   *	    push   ebp
 0000001F  8B EC	   *	    mov    ebp, esp
 00000021  56		   *	    push   esi
 00000022  53		   *	    push   ebx
 00000023  52		   *	    push   edx
 00000024  C7 01 00000000		mov (GameObject PTR [ecx]).gameObjectType, DEFAULT_GAME_OBJECT_ID
 0000002A  C7 41 14			mov (GameObject PTR [ecx]).awaitingFree, 0 ; // Set awaiting free to false (0)
	   00000000

					; // Set up vTable
 00000031  C7 41 10			mov (GameObject PTR [ecx]).pVt, OFFSET GAMEOBJECT_VTABLE
	   00000000 R

					; // Now set up the component pointer table
 00000038  8D 4E 04			lea ecx, (GameObject PTR [esi]).components
					INVOKE init_unordered_vector, maxComponents
 0000003B  FF 75 08	   *	    push   dword  ptr ss:[ebp]+000000008h
 0000003E  E8 00000000 E   *	    call   init_unordered_vector

 00000043  8B C1			mov eax, ecx ; // Return the this pointer

					ret
 00000045  5A		   *	    pop    edx
 00000046  5B		   *	    pop    ebx
 00000047  5E		   *	    pop    esi
 00000048  C9		   *	    leave  
 00000049  C2 0004	   *	    ret    00004h
 0000004C			init_game_object ENDP

				; // ----------------------------------
				; // new_game_object
				; // Reserves heap space for the Object with parameters calls the initializer method
				; // ----------------------------------
 0000004C			new_game_object PROC PUBLIC USES ecx, maxComponents : DWORD
 0000004C  55		   *	    push   ebp
 0000004D  8B EC	   *	    mov    ebp, esp
 0000004F  51		   *	    push   ecx
					INVOKE HeapAlloc, hHeap, HEAP_GENERATE_EXCEPTIONS, SIZEOF GameObject
 00000050  6A 18	   *	    push   +000000018h
 00000052  6A 04	   *	    push   +000000004h
 00000054  FF 35 00000000 E *	    push   hHeap
 0000005A  E8 00000000 E   *	    call   HeapAlloc
 0000005F  8B C8			mov ecx, eax ; // Move the memory address to ecx so it can function as a "this" pointer
					INVOKE init_game_object, maxComponents
 00000061  FF 75 08	   *	    push   dword  ptr ss:[ebp]+000000008h
 00000064  E8 FFFFFFB5	   *	    call   init_game_object

					ret ; // Return with the address of the memory block in HeapAlloc
 00000069  59		   *	    pop    ecx
 0000006A  C9		   *	    leave  
 0000006B  C2 0004	   *	    ret    00004h
 0000006E			new_game_object ENDP

				; // ----------------------------------
				; // free_game_object
				; // Convenient method for freeing a GameObject
				; //
				; // Register Parameters: 
				; //	ecx - THIS pointer
				; // ----------------------------------
 0000006E			free_game_object PROC PUBLIC USES eax esi ebx
					; // Destruct the components
 0000006E  50		   *	    push   eax
 0000006F  56		   *	    push   esi
 00000070  53		   *	    push   ebx
 00000071  8B F1			mov esi, ecx ; // Move the this pointer to esi
 00000073  8D 49 04			lea ecx, (GameObject PTR [ecx]).components

 00000076  8B 01			mov eax, (UnorderedVector PTR [ecx]).pData
 00000078  8B 59 04			mov ebx, (UnorderedVector PTR [ecx]).count

 0000007B  B9 00000000			mov ecx, 0 ; // Loop counter (int i = 0)
					.WHILE ecx < ebx
 00000080  EB 0F	   *	    jmp    @C0001
 00000082		   *@C0002:
 00000082  8B 14 88				mov edx, [eax + ecx * 4] ; // edx = pComponents[i]

						; // pComponents[i]->free()
 00000085  51					push ecx
 00000086  50					push eax
 00000087  8B CA				mov ecx, edx
						INVOKE free_component_virtual
 00000089  E8 00000000 E   *	    call   free_component_virtual
 0000008E  58					pop eax
 0000008F  59					pop ecx

 00000090  41					inc ecx ; // i++
					.ENDW
 00000091		   *@C0001:
 00000091  3B CB	   *	    cmp    ecx, ebx
 00000093  72 ED	   *	    jb	@C0002
					
 00000095  8B CE			mov ecx, esi
 00000097  8D 49 04			lea ecx, (GameObject PTR [ecx]).components
					INVOKE free_unordered_vector
 0000009A  E8 00000000 E   *	    call   free_unordered_vector

 0000009F  8B CE			mov ecx, esi ; // Restore the THIS pointer to ecx

					INVOKE HeapFree, hHeap, 0, ecx ; // Free myself
 000000A1  51		   *	    push   ecx
 000000A2  6A 00	   *	    push   +000000000h
 000000A4  FF 35 00000000 E *	    push   hHeap
 000000AA  E8 00000000 E   *	    call   HeapFree
					ret
 000000AF  5B		   *	    pop    ebx
 000000B0  5E		   *	    pop    esi
 000000B1  58		   *	    pop    eax
 000000B2  C3		   *	    ret    00000h
 000000B3			free_game_object ENDP

				; // ********************************************
				; // Instance methods
				; // ********************************************

				; // ----------------------------------
				; // get_first_component_which_is_a
				; // Returns the first component of the GameObject that is
				; // the type specified, or NULL if it doesn't exist.
				; // 
				; // Register Parameters: 
				; //	ecx - THIS pointer
				; // ----------------------------------
 000000B3			get_first_component_which_is_a PROC PUBLIC, componentType: ENUM_COMPONENT_ID
 000000B3  55		   *	    push   ebp
 000000B4  8B EC	   *	    mov    ebp, esp
 000000B6  8B 4D 08			mov ecx, componentType
					ret
 000000B9  C9		   *	    leave  
 000000BA  C2 0004	   *	    ret    00004h
 000000BD			get_first_component_which_is_a ENDP

				; // ----------------------------------
				; // game_object_start
				; // Default blank start method for a GameObject
				; // Can be left blank, or overriden by the virtual function table
				; // 
				; // Register Parameters: 
				; //	ecx - THIS pointer
				; // ----------------------------------
 000000BD			game_object_start PROC stdcall
 000000BD  C3				ret
 000000BE			game_object_start ENDP

				; // ----------------------------------
				; // game_object_start_virtual
				; // Calls the GameObject's virtual start method
				; //
				; // Register Parameters: 
				; //	ecx - THIS pointer
				; // ----------------------------------
 000000BE			game_object_start_virtual PROC PUBLIC USES ebx
 000000BE  53		   *	    push   ebx
 000000BF  8B 59 10			mov ebx, (GameObject PTR [ecx]).pVt
 000000C2  8B 1B			mov ebx, (GameObject_vtable PTR [ebx]).pStart
 000000C4  FF D3			call ebx
					ret
 000000C6  5B		   *	    pop    ebx
 000000C7  C3		   *	    ret    00000h
 000000C8			game_object_start_virtual ENDP

				; // ----------------------------------
				; // game_object_update_virtual
				; // Calls the GameObject's virtual update method
				; //
				; // Register Parameters: 
				; //	ecx - THIS pointer
				; // ----------------------------------
 000000C8			game_object_update_virtual PROC stdcall PUBLIC USES ebx, deltaTime: REAL4
 000000C8  55		   *	    push   ebp
 000000C9  8B EC	   *	    mov    ebp, esp
 000000CB  53		   *	    push   ebx
 000000CC  8B 59 10			mov ebx, (GameObject PTR [ecx]).pVt
 000000CF  8B 5B 04			mov ebx, (GameObject_vtable PTR [ebx]).pUpdate
 000000D2  FF 75 08			push deltaTime
 000000D5  FF D3			call ebx
					ret
 000000D7  5B		   *	    pop    ebx
 000000D8  C9		   *	    leave  
 000000D9  C2 0004	   *	    ret    00004h
 000000DC			game_object_update_virtual ENDP

				; // ----------------------------------
				; // game_object_update
				; // Default blank update method for a GameObject
				; // Can be left blank, or overriden by the virtual function table
				; // 
				; // Register Parameters: 
				; //	ecx - THIS pointer
				; // ----------------------------------
 000000DC			game_object_update PROC stdcall, deltaTime: REAL4
 000000DC  55		   *	    push   ebp
 000000DD  8B EC	   *	    mov    ebp, esp
 000000DF  8B 45 08			mov eax, deltaTime
					ret
 000000E2  C9		   *	    leave  
 000000E3  C2 0004	   *	    ret    00004h
 000000E6			game_object_update ENDP

				; // ----------------------------------
				; // game_object_exit
				; // Default blank exit method for a GameObject
				; // Can be left blank, or overriden by the virtual function table
				; // 
				; // Register Parameters: 
				; //	ecx - THIS pointer
				; // ----------------------------------
 000000E6			game_object_exit PROC
 000000E6  C3				ret
 000000E7			game_object_exit ENDP

				END 
Microsoft (R) Macro Assembler Version 14.00.24210.0	    03/27/26 22:31:38
game_object.asm						     Symbols 2 - 1




Macros:

                N a m e                 Type

DEF_ENUM . . . . . . . . . . . .	Proc


Structures and Unions:

                N a m e                  Size
                                         Offset      Type

Component_vtable . . . . . . . .	 00000004
  pFree  . . . . . . . . . . . .	 00000000	 DWord
Component  . . . . . . . . . . .	 00000008
  componentType  . . . . . . . .	 00000000	 DWord
  pVt  . . . . . . . . . . . . .	 00000004	 DWord
GameObject_vtable  . . . . . . .	 00000010
  pStart . . . . . . . . . . . .	 00000000	 DWord
  pUpdate  . . . . . . . . . . .	 00000004	 DWord
  pExit  . . . . . . . . . . . .	 00000008	 DWord
  pFree  . . . . . . . . . . . .	 0000000C	 DWord
GameObject . . . . . . . . . . .	 00000018
  gameObjectType . . . . . . . .	 00000000	 DWord
  components . . . . . . . . . .	 00000004	 
  pVt  . . . . . . . . . . . . .	 00000010	 DWord
  awaitingFree . . . . . . . . .	 00000014	 DWord
UnorderedVector  . . . . . . . .	 0000000C
  pData  . . . . . . . . . . . .	 00000000	 DWord
  count  . . . . . . . . . . . .	 00000004	 DWord
  capacity . . . . . . . . . . .	 00000008	 DWord


Types:

                N a m e                  Size     Attr

ENUM_COMPONENT_ID  . . . . . . .	 00000004     DWord
ENUM_GAME_OBJECT_ID  . . . . . .	 00000004     DWord
HANDLE . . . . . . . . . . . . .	 00000004     DWord


Segments and Groups:

                N a m e                 Size     Length   Align   Combine Class

FLAT . . . . . . . . . . . . . .	GROUP
STACK  . . . . . . . . . . . . .	32 Bit	 00001000 DWord	  Stack	  'STACK'	 
_DATA  . . . . . . . . . . . . .	32 Bit	 00000010 DWord	  Public  'DATA'	
_TEXT  . . . . . . . . . . . . .	32 Bit	 000000E7 DWord	  Public  'CODE'	


Procedures, parameters, and locals:

                N a m e                 Type     Value    Attr

GetProcessHeap . . . . . . . . .	P Near	 00000000 FLAT	Length= 00000000 External STDCALL
HeapAlloc  . . . . . . . . . . .	P Near	 00000000 FLAT	Length= 00000000 External STDCALL
HeapFree . . . . . . . . . . . .	P Near	 00000000 FLAT	Length= 00000000 External STDCALL
HeapReAlloc  . . . . . . . . . .	P Near	 00000000 FLAT	Length= 00000000 External STDCALL
add_component  . . . . . . . . .	P Near	 00000000 _TEXT	Length= 0000001E Public STDCALL
  pGameObject  . . . . . . . . .	DWord	 bp + 00000008
  pComponent . . . . . . . . . .	DWord	 bp + 0000000C
free_component_virtual . . . . .	P Near	 00000000 FLAT	Length= 00000000 External STDCALL
free_component . . . . . . . . .	P Near	 00000000 FLAT	Length= 00000000 External STDCALL
free_game_object . . . . . . . .	P Near	 0000006E _TEXT	Length= 00000045 Public STDCALL
free_unordered_vector  . . . . .	P Near	 00000000 FLAT	Length= 00000000 External STDCALL
game_object_exit . . . . . . . .	P Near	 000000E6 _TEXT	Length= 00000001 Private STDCALL
game_object_start_virtual  . . .	P Near	 000000BE _TEXT	Length= 0000000A Public STDCALL
game_object_start  . . . . . . .	P Near	 000000BD _TEXT	Length= 00000001 Private STDCALL
game_object_update_virtual . . .	P Near	 000000C8 _TEXT	Length= 00000014 Public STDCALL
  deltaTime  . . . . . . . . . .	DWord	 bp + 00000008
game_object_update . . . . . . .	P Near	 000000DC _TEXT	Length= 0000000A Private STDCALL
  deltaTime  . . . . . . . . . .	DWord	 bp + 00000008
get_first_component_which_is_a .	P Near	 000000B3 _TEXT	Length= 0000000A Public STDCALL
  componentType  . . . . . . . .	DWord	 bp + 00000008
init_component . . . . . . . . .	P Near	 00000000 FLAT	Length= 00000000 External STDCALL
init_game_object . . . . . . . .	P Near	 0000001E _TEXT	Length= 0000002E Public STDCALL
  maxComponents  . . . . . . . .	DWord	 bp + 00000008
init_unordered_vector  . . . . .	P Near	 00000000 FLAT	Length= 00000000 External STDCALL
initialize_heap  . . . . . . . .	P Near	 00000000 FLAT	Length= 00000000 External STDCALL
new_component  . . . . . . . . .	P Near	 00000000 FLAT	Length= 00000000 External STDCALL
new_game_object  . . . . . . . .	P Near	 0000004C _TEXT	Length= 00000022 Public STDCALL
  maxComponents  . . . . . . . .	DWord	 bp + 00000008
new_unordered_vector . . . . . .	P Near	 00000000 FLAT	Length= 00000000 External STDCALL
push_back  . . . . . . . . . . .	P Near	 00000000 FLAT	Length= 00000000 External STDCALL
remove_element . . . . . . . . .	P Near	 00000000 FLAT	Length= 00000000 External STDCALL


Symbols:

                N a m e                 Type     Value    Attr

@CodeSize  . . . . . . . . . . .	Number	 00000000h   
@DataSize  . . . . . . . . . . .	Number	 00000000h   
@Interface . . . . . . . . . . .	Number	 00000003h   
@Model . . . . . . . . . . . . .	Number	 00000007h   
@code  . . . . . . . . . . . . .	Text   	 _TEXT
@data  . . . . . . . . . . . . .	Text   	 FLAT
@fardata?  . . . . . . . . . . .	Text   	 FLAT
@fardata . . . . . . . . . . . .	Text   	 FLAT
@stack . . . . . . . . . . . . .	Text   	 FLAT
COMPONENT_IDS_INC  . . . . . . .	Number	 00000001h   
COMPONENT_INC  . . . . . . . . .	Number	 00000001h   
DEFAULT_COMPONENT_ID . . . . . .	Number	 00000000h   
DEFAULT_GAME_OBJECT_ID . . . . .	Number	 00000000h   
GAMEOBJECT_VTABLE  . . . . . . .	GameObject_vtable  00000000 _DATA	
GAME_OBJECT_IDS_INC  . . . . . .	Number	 00000001h   
GAME_OBJECT_INC  . . . . . . . .	Number	 00000001h   
HEAP_FUNCTIONS_INC . . . . . . .	Number	 00000001h   
HEAP_GENERATE_EXCEPTIONS . . . .	Number	 00000004h   
HEAP_NO_SERIALIZE  . . . . . . .	Number	 00000001h   
HEAP_ZERO_MEMORY . . . . . . . .	Number	 00000008h   
NULL . . . . . . . . . . . . . .	Number	 00000000h   
RECT_COMPONENT_ID  . . . . . . .	Number	 00000001h   
SPRITE_COMPONENT_ID  . . . . . .	Number	 00000002h   
TRANSFORM_COMPONENT_ID . . . . .	Number	 00000003h   
UNORDERED_VECTOR_INC . . . . . .	Number	 00000001h   
enumId . . . . . . . . . . . . .	Number	 00000004h   
hHeap  . . . . . . . . . . . . .	DWord	 00000000 FLAT	External STDCALL

	   0 Warnings
	   0 Errors
